// Jest Snapshot v1, https://goo.gl/fbAQLP

exports[`components/blocksEditor/blockContent should match snapshot 1`] = `
<div>
  <div
    class="BlockContent   "
    data-testid="block-content"
    style="opacity: 1;"
  >
    <div
      class="block-actions"
      data-testid="block-actions"
    >
      <button
        class="IconButton size--small"
        type="button"
      >
        <i
          class="CompassIcon icon-plus"
        />
      </button>
      <div
        draggable="true"
      >
        <button
          class="IconButton size--small"
          type="button"
        >
          <i
            class="CompassIcon icon-drag-vertical"
          />
        </button>
      </div>
    </div>
    <div
      class="content"
    >
      <div>
        <h1
          id="title"
        >
          Title
        </h1>
      </div>
    </div>
  </div>
</div>
`;

exports[`components/blocksEditor/blockContent should match snapshot editing 1`] = `
<div>
  <div
    class="Editor"
  >
    <input
      class="H1"
      data-testid="h1"
      value="Title"
    />
  </div>
</div>
`;
