// Jest Snapshot v1, https://goo.gl/fbAQLP

exports[`components/emptyCenterPanel a focalboard Plugin should match snapshot 1`] = `
<div>
  <div
    class="EmptyCenterPanel"
  >
    <div
      class="content"
    >
      <span
        class="title"
      >
        Create a Board in Workspace 1
      </span>
      <span
        class="description"
      >
        Add a board to the sidebar using any of the templates defined below or start from scratch.
        <br />
         Members of "
        <b>
          Workspace 1
        </b>
        " will have access to boards created here.
      </span>
      <span
        class="choose-template-text"
      >
        Choose a template
      </span>
      <div
        class="button-container"
      >
        <div
          class="button "
        >
          <span>
            🚴🏻‍♂️
          </span>
          <span
            class="button-title"
          >
            Template 1
          </span>
          <div
            aria-label="menuwrapper"
            class="MenuWrapper"
            role="button"
          >
            <button
              class="Button IconButton"
              type="button"
            >
              <i
                class="CompassIcon icon-dots-horizontal OptionsIcon"
              />
            </button>
          </div>
        </div>
        <div
          class="button "
        >
          <span>
            🚴🏻‍♂️
          </span>
          <span
            class="button-title"
          >
            Template Global
          </span>
        </div>
        <div
          class="button new-template"
        >
          <span>
            <i
              class="CompassIcon icon-plus AddIcon"
            />
          </span>
          <span
            class="button-title"
          >
            New template
          </span>
        </div>
      </div>
      <span
        class="choose-template-text"
      >
        or
      </span>
      <div
        class="button "
      >
        <span>
          <svg
            class="BoardIcon Icon"
            fill="currentColor"
            height="24"
            viewBox="0 0 24 24"
            width="24"
            xmlns="http://www.w3.org/2000/svg"
          >
            <g
              opacity="0.8"
            >
              <path
                clip-rule="evenodd"
                d="M4 4H20V20H4V4ZM2 4C2 2.89543 2.89543 2 4 2H20C21.1046 2 22 2.89543 22 4V20C22 21.1046 21.1046 22 20 22H4C2.89543 22 2 21.1046 2 20V4ZM8 6H6V12H8V6ZM11 6H13V16H11V6ZM18 6H16V9H18V6Z"
                fill="currentColor"
                fill-rule="evenodd"
              />
            </g>
          </svg>
        </span>
        <span
          class="button-title"
        >
          Start with an Empty Board
        </span>
      </div>
      You can change the channel using the switcher in the sidebar.
    </div>
  </div>
</div>
`;

exports[`components/emptyCenterPanel not a focalboard Plugin should match snapshot 1`] = `
<div>
  <div
    class="EmptyCenterPanel"
  >
    <div
      class="Hint"
    >
      Add or select a board from the sidebar to get started.
    </div>
  </div>
</div>
`;
