// Jest Snapshot v1, https://goo.gl/fbAQLP

exports[`components/rhsChannelBoards renders the RHS for channel boards 1`] = `
<div>
  <div
    class="focalboard-body"
  >
    <div
      class="RHSChannelBoards"
    >
      <div
        class="rhs-boards-header"
      >
        <span
          class="linked-boards"
        >
          Linked boards
        </span>
        <button
          class="Button emphasis--primary"
          type="button"
        >
          <i
            class="CompassIcon icon-plus AddIcon"
          />
          <span>
            Add
          </span>
        </button>
      </div>
      <div
        class="rhs-boards-list"
      >
        <div
          class="RHSChannelBoardItem"
        >
          <div
            class="board-info"
          >
            
            <span
              class="title"
            >
              Untitled board
            </span>
            <div
              aria-label="menuwrapper"
              class="MenuWrapper"
              role="button"
            >
              <button
                class="IconButton"
                type="button"
              >
                <i
                  class="CompassIcon icon-dots-horizontal OptionsIcon"
                />
              </button>
              <div
                class="Menu noselect left "
              >
                <div
                  class="menu-contents"
                >
                  <div
                    class="menu-options"
                  >
                    <div>
                      <div
                        aria-label="Unlink board"
                        class="MenuOption TextOption menu-option"
                        role="button"
                      >
                        <div
                          class="d-flex"
                        >
                          <div
                            class="menu-option__icon"
                          >
                            <i
                              class="CompassIcon icon-link-variant-off"
                            />
                          </div>
                        </div>
                        <div
                          class="menu-option__content"
                        >
                          <div
                            class="menu-name"
                          >
                            Unlink board
                          </div>
                        </div>
                        <div
                          class="noicon"
                        />
                      </div>
                    </div>
                    <div />
                  </div>
                  <div
                    class="menu-spacer hideOnWidescreen"
                  />
                  <div
                    class="menu-options hideOnWidescreen"
                  >
                    <div
                      aria-label="Cancel"
                      class="MenuOption TextOption menu-option menu-cancel"
                      role="button"
                    >
                      <div
                        class="d-flex"
                      >
                        <div
                          class="noicon"
                        />
                      </div>
                      <div
                        class="menu-option__content"
                      >
                        <div
                          class="menu-name"
                        >
                          Cancel
                        </div>
                      </div>
                      <div
                        class="noicon"
                      />
                    </div>
                  </div>
                </div>
              </div>
            </div>
          </div>
          <div
            class="description"
          />
          <div
            class="date"
          >
            Last update at: July 08, 8:10 PM
          </div>
        </div>
        <div
          class="RHSChannelBoardItem"
        >
          <div
            class="board-info"
          >
            
            <span
              class="title"
            >
              Untitled board
            </span>
            <div
              aria-label="menuwrapper"
              class="MenuWrapper"
              role="button"
            >
              <button
                class="IconButton"
                type="button"
              >
                <i
                  class="CompassIcon icon-dots-horizontal OptionsIcon"
                />
              </button>
              <div
                class="Menu noselect left "
              >
                <div
                  class="menu-contents"
                >
                  <div
                    class="menu-options"
                  >
                    <div>
                      <div
                        aria-label="Unlink board"
                        class="MenuOption TextOption menu-option"
                        role="button"
                      >
                        <div
                          class="d-flex"
                        >
                          <div
                            class="menu-option__icon"
                          >
                            <i
                              class="CompassIcon icon-link-variant-off"
                            />
                          </div>
                        </div>
                        <div
                          class="menu-option__content"
                        >
                          <div
                            class="menu-name"
                          >
                            Unlink board
                          </div>
                        </div>
                        <div
                          class="noicon"
                        />
                      </div>
                    </div>
                    <div />
                  </div>
                  <div
                    class="menu-spacer hideOnWidescreen"
                  />
                  <div
                    class="menu-options hideOnWidescreen"
                  >
                    <div
                      aria-label="Cancel"
                      class="MenuOption TextOption menu-option menu-cancel"
                      role="button"
                    >
                      <div
                        class="d-flex"
                      >
                        <div
                          class="noicon"
                        />
                      </div>
                      <div
                        class="menu-option__content"
                      >
                        <div
                          class="menu-name"
                        >
                          Cancel
                        </div>
                      </div>
                      <div
                        class="noicon"
                      />
                    </div>
                  </div>
                </div>
              </div>
            </div>
          </div>
          <div
            class="description"
          />
          <div
            class="date"
          >
            Last update at: July 08, 8:10 PM
          </div>
        </div>
      </div>
    </div>
  </div>
</div>
`;

exports[`components/rhsChannelBoards renders with empty list of boards 1`] = `
<div>
  <div
    class="focalboard-body"
  >
    <div
      class="RHSChannelBoards empty"
    >
      <h2>
        No boards are linked to Channel Name yet
      </h2>
      <div
        class="empty-paragraph"
      >
        Boards is a project management tool that helps define, organize, track and manage work across teams, using a familiar kanban board view.
      </div>
      <div
        class="boards-screenshots"
      >
        <img
          src="test-file-stub"
        />
      </div>
      <button
        class="Button emphasis--primary size--medium"
        type="button"
      >
        <span>
          Link boards to Channel Name
        </span>
      </button>
    </div>
  </div>
</div>
`;
